
> frontend@0.0.0 build
> tsc -b && vite build

src/pages/Budgets.tsx(4,3): error TS6133: 'Search' is declared but its value is never read.
src/pages/Budgets.tsx(5,3): error TS6133: 'Filter' is declared but its value is never read.
src/pages/Budgets.tsx(6,3): error TS6133: 'MoreVertical' is declared but its value is never read.
src/pages/Budgets.tsx(9,3): error TS6133: 'PieChart' is declared but its value is never read.
src/pages/Budgets.tsx(10,13): error TS6133: 'WalletIcon' is declared but its value is never read.
src/pages/Budgets.tsx(11,3): error TS6133: 'Calendar' is declared but its value is never read.
src/pages/Budgets.tsx(12,3): error TS6133: 'AlertCircle' is declared but its value is never read.
src/pages/Budgets.tsx(13,3): error TS6133: 'CheckCircle2' is declared but its value is never read.
src/pages/Budgets.tsx(14,3): error TS6133: 'ChevronRight' is declared but its value is never read.
src/pages/Budgets.tsx(15,3): error TS6133: 'ArrowUpRight' is declared but its value is never read.
src/pages/Budgets.tsx(16,3): error TS6133: 'LayoutGrid' is declared but its value is never read.
src/pages/Budgets.tsx(17,11): error TS6133: 'ListIcon' is declared but its value is never read.
src/pages/Budgets.tsx(18,3): error TS6133: 'TrendingDown' is declared but its value is never read.
src/pages/Budgets.tsx(19,3): error TS6133: 'Target' is declared but its value is never read.
src/pages/Budgets.tsx(20,3): error TS6133: 'RefreshCw' is declared but its value is never read.
src/pages/Budgets.tsx(29,3): error TS6133: 'CardDescription' is declared but its value is never read.
src/pages/Budgets.tsx(70,10): error TS6133: 'error' is declared but its value is never read.
src/pages/Budgets.tsx(71,10): error TS6133: 'success' is declared but its value is never read.
src/pages/Budgets.tsx(72,10): error TS6133: 'viewMode' is declared but its value is never read.
src/pages/Budgets.tsx(72,20): error TS6133: 'setViewMode' is declared but its value is never read.
src/pages/Budgets.tsx(265,22): error TS2322: Type '"white"' is not assignable to type '"default" | "outline" | "secondary" | "ghost" | "destructive" | "link" | null | undefined'.
src/pages/Categories.tsx(36,3): error TS6133: 'DialogFooter' is declared but its value is never read.
src/pages/GoalDetail.tsx(115,21): error TS2339: Property 'getGoalById' does not exist on type 'typeof import("D:/DoAnJ2EE/frontend/src/services/goalService")'.
src/pages/GoalDetail.tsx(128,41): error TS7006: Parameter 'c' implicitly has an 'any' type.
src/pages/GoalDetail.tsx(439,9): error TS2322: Type '(data: GoalFormData) => void' is not assignable to type '(data: GoalFormData) => Promise<void>'.
  Type 'void' is not assignable to type 'Promise<void>'.
src/pages/GroupWallets.tsx(25,1): error TS6192: All imports in import declaration are unused.
